******************************************************************************
             TMS320C2000 Linker PC v20.2.2                     
******************************************************************************
>> Linked Mon Apr  7 22:03:27 2025

OUTPUT FILE NAME:   <D:/code/28377d/A-1/d405/TMS320F28377D-UCOS3-CPU1/myProj/output/TMS320F28377D-CPU1.out>
ENTRY POINT SYMBOL: "_c_int00"  address: 00088000


MEMORY CONFIGURATION

         name            origin    length      used     unused   attr    fill
----------------------  --------  ---------  --------  --------  ----  --------
PAGE 0:
  RAMM0                 00000122   000002de  0000001c  000002c2  RWIX
  RAMLS0                00008000   00000800  00000050  000007b0  RWIX
  RAMLS1                00008800   00000400  00000000  00000400  RWIX
  RAMLS2                00008c00   00000400  00000000  00000400  RWIX
  RAML3                 00009000   00001000  00000000  00001000  RWIX
  RAML4L                0000a000   00000800  00000000  00000800  RWIX
  RAMD0                 0000b000   00000800  00000000  00000800  RWIX
  RAMGS14               0001a000   00001000  00000000  00001000  RWIX
  RAMGS15               0001b000   00001000  00000000  00001000  RWIX
  BEGIN                 00080000   00000002  00000002  00000000  RWIX
  FLASHA                00080002   00001ffe  00000000  00001ffe  RWIX
  FLASHB                00082000   00002000  00001ffe  00000002  RWIX
  FLASHC                00084000   00002000  00002000  00000000  RWIX
  FLASHD                00086000   00002000  00002000  00000000  RWIX
  FLASHE                00088000   00008000  0000071d  000078e3  RWIX
  FLASHF                00090000   00008000  00000bb2  0000744e  RWIX
  FLASHG                00098000   00008000  00000000  00008000  RWIX
  FLASHH                000a0000   00008000  00000000  00008000  RWIX
  FLASHI                000a8000   00008000  00000000  00008000  RWIX
  FLASHJ                000b0000   00008000  00000000  00008000  RWIX
  FLASHK                000b8000   00002000  00000000  00002000  RWIX
  FLASHL                000ba000   00002000  00000000  00002000  RWIX
  FLASHM                000bc000   00002000  00000000  00002000  RWIX
  FLASHN                000be000   00002000  00000000  00002000  RWIX
  RESET                 003fffc0   00000002  00000000  00000002  RWIX

PAGE 1:
  BOOT_RSVD             00000002   00000120  0000010e  00000012  RWIX
  RAMM1                 00000400   00000400  000003c0  00000040  RWIX
  ADCA_RESULT           00000b00   00000020  00000000  00000020  RWIX
  ADCB_RESULT           00000b20   00000020  00000000  00000020  RWIX
  ADCC_RESULT           00000b40   00000020  00000000  00000020  RWIX
  ADCD_RESULT           00000b60   00000020  00000000  00000020  RWIX
  CPU_TIMER0            00000c00   00000008  00000008  00000000  RWIX
  CPU_TIMER1            00000c08   00000008  00000008  00000000  RWIX
  CPU_TIMER2            00000c10   00000008  00000008  00000000  RWIX
  PIE_CTRL              00000ce0   00000020  0000001a  00000006  RWIX
  PIE_VECT              00000d00   00000200  00000200  00000000  RWIX
  DMA                   00001000   00000200  000001de  00000022  RWIX
  CLA1                  00001400   00000040  0000003e  00000002  RWIX
  CLA1_MSGRAMLOW        00001480   00000080  0000007c  00000004  RWIX
  CLA1_MSGRAMHIGH       00001500   00000080  00000000  00000080  RWIX
  EPWM1                 00004000   00000100  00000100  00000000  RWIX
  EPWM2                 00004100   00000100  00000100  00000000  RWIX
  EPWM3                 00004200   00000100  00000100  00000000  RWIX
  EPWM4                 00004300   00000100  00000100  00000000  RWIX
  EPWM5                 00004400   00000100  00000100  00000000  RWIX
  EPWM6                 00004500   00000100  00000100  00000000  RWIX
  EPWM7                 00004600   00000100  00000100  00000000  RWIX
  EPWM8                 00004700   00000100  00000100  00000000  RWIX
  EPWM9                 00004800   00000100  00000100  00000000  RWIX
  EPWM10                00004900   00000100  00000100  00000000  RWIX
  EPWM11                00004a00   00000100  00000100  00000000  RWIX
  EPWM12                00004b00   00000100  00000100  00000000  RWIX
  ECAP1                 00005000   00000020  0000001a  00000006  RWIX
  ECAP2                 00005020   00000020  0000001a  00000006  RWIX
  ECAP3                 00005040   00000020  0000001a  00000006  RWIX
  ECAP4                 00005060   00000020  0000001a  00000006  RWIX
  ECAP5                 00005080   00000020  0000001a  00000006  RWIX
  ECAP6                 000050a0   00000020  0000001a  00000006  RWIX
  EQEP1                 00005100   00000040  00000022  0000001e  RWIX
  EQEP2                 00005140   00000040  00000022  0000001e  RWIX
  EQEP3                 00005180   00000040  00000022  0000001e  RWIX
  DACA                  00005c00   00000010  00000007  00000009  RWIX
  DACB                  00005c10   00000010  00000007  00000009  RWIX
  DACC                  00005c20   00000010  00000007  00000009  RWIX
  CMPSS1                00005c80   00000020  0000001b  00000005  RWIX
  CMPSS2                00005ca0   00000020  0000001b  00000005  RWIX
  CMPSS3                00005cc0   00000020  0000001b  00000005  RWIX
  CMPSS4                00005ce0   00000020  0000001b  00000005  RWIX
  CMPSS5                00005d00   00000020  0000001b  00000005  RWIX
  CMPSS6                00005d20   00000020  0000001b  00000005  RWIX
  CMPSS7                00005d40   00000020  0000001b  00000005  RWIX
  CMPSS8                00005d60   00000020  0000001b  00000005  RWIX
  SDFM1                 00005e00   00000080  00000048  00000038  RWIX
  SDFM2                 00005e80   00000080  00000048  00000038  RWIX
  MCBSPA                00006000   00000040  00000024  0000001c  RWIX
  MCBSPB                00006040   00000040  00000024  0000001c  RWIX
  SPIA                  00006100   00000010  00000010  00000000  RWIX
  SPIB                  00006110   00000010  00000010  00000000  RWIX
  SPIC                  00006120   00000010  00000010  00000000  RWIX
  SPID                  00006130   00000010  00000000  00000010  RWIX
  UPP                   00006200   00000100  00000048  000000b8  RWIX
  WD                    00007000   00000040  0000002b  00000015  RWIX
  NMIINTRUPT            00007060   00000010  00000007  00000009  RWIX
  XINT                  00007070   00000010  0000000b  00000005  RWIX
  SCIA                  00007200   00000010  00000010  00000000  RWIX
  SCIB                  00007210   00000010  00000010  00000000  RWIX
  SCIC                  00007220   00000010  00000010  00000000  RWIX
  SCID                  00007230   00000010  00000010  00000000  RWIX
  I2CA                  00007300   00000040  00000022  0000001e  RWIX
  I2CB                  00007340   00000040  00000022  0000001e  RWIX
  ADCA                  00007400   00000080  0000007c  00000004  RWIX
  ADCB                  00007480   00000080  0000007c  00000004  RWIX
  ADCC                  00007500   00000080  0000007c  00000004  RWIX
  ADCD                  00007580   00000080  0000007c  00000004  RWIX
  INPUT_XBAR            00007900   00000020  00000020  00000000  RWIX
  XBAR                  00007920   00000020  0000000e  00000012  RWIX
  SYNC_SOC              00007940   00000010  00000006  0000000a  RWIX
  DMACLASRCSEL          00007980   00000040  0000001a  00000026  RWIX
  EPWM_XBAR             00007a00   00000040  00000040  00000000  RWIX
  CLB_XBAR              00007a40   00000040  00000040  00000000  RWIX
  OUTPUT_XBAR           00007a80   00000040  00000040  00000000  RWIX
  GPIOCTRL              00007c00   00000180  00000180  00000000  RWIX
  GPIODAT               00007f00   00000030  00000030  00000000  RWIX
  CLARAM0               0000a000   00000800  00000748  000000b8  RWIX
  TASK_STK_RAM          0000a800   00001000  00000318  00000ce8  RWIX
  APPDATARAM            0000b810   00009999  000010b0  000088e9  RWIX
  CPU2TOCPU1RAM         0003f800   00000400  00000000  00000400  RWIX
  CPU1TOCPU2RAM         0003fc00   00000400  00000088  00000378  RWIX
  EMIF1                 00047000   00000800  00000028  000007d8  RWIX
  EMIF2                 00047800   00000800  00000028  000007d8  RWIX
  CANA                  00048000   00000800  00000164  0000069c  RWIX
  CANB                  0004a000   00000800  00000164  0000069c  RWIX
  IPC                   00050000   00000024  00000024  00000000  RWIX
  FLASHPUMPSEMAPHORE    00050024   00000002  00000002  00000000  RWIX
  DEV_CFG               0005d000   00000180  0000012e  00000052  RWIX
  ANALOG_SUBSYS         0005d180   00000080  0000003e  00000042  RWIX
  CLK_CFG               0005d200   00000100  00000032  000000ce  RWIX
  CPU_SYS               0005d300   00000100  00000082  0000007e  RWIX
  ROMPREFETCH           0005e608   00000002  00000002  00000000  RWIX
  DCSM_Z1               0005f000   00000030  00000022  0000000e  RWIX
  DCSM_Z2               0005f040   00000030  00000022  0000000e  RWIX
  DCSM_COMMON           0005f070   00000010  00000006  0000000a  RWIX
  MEMCFG                0005f400   00000080  00000076  0000000a  RWIX
  EMIF1CONFIG           0005f480   00000020  0000000a  00000016  RWIX
  EMIF2CONFIG           0005f4a0   00000020  0000000a  00000016  RWIX
  ACCESSPROTECTION      0005f4c0   00000040  0000002e  00000012  RWIX
  MEMORYERROR           0005f500   00000040  0000003a  00000006  RWIX
  ROMWAITSTATE          0005f540   00000002  00000002  00000000  RWIX
  FLASH0_CTRL           0005f800   00000300  00000182  0000017e  RWIX
  FLASH0_ECC            0005fb00   00000040  00000028  00000018  RWIX
  DCSM_Z1_OTP           00078000   00000020  00000000  00000020  RWIX
  DCSM_Z2_OTP           00078200   00000020  00000000  00000020  RWIX


SECTION ALLOCATION MAP

 output                                  attributes/
section   page    origin      length       input sections
--------  ----  ----------  ----------   ----------------
.cinit     0    00082000    00000292     
                  00082000    00000093     control_parameter.obj (.cinit:_sg_ParamTable)
                  00082093    00000086     control_parameter.obj (.cinit)
                  00082119    00000026     rts2800_fpu32.lib : defs.c.obj (.cinit:__ftable)
                  0008213f    00000021     F2837xD_struct.obj (.cinit:_TRIP_SEL)
                  00082160    00000020     app.obj (.cinit)
                  00082180    0000001d     F2837xD_struct.obj (.cinit:_EPWM)
                  0008219d    0000001b     rts2800_fpu32.lib : host_device.c.obj (.cinit:__device)
                  000821b8    00000018     pwm_bsp.obj (.cinit)
                  000821d0    00000011     F2837xD_struct.obj (.cinit:_ECAP)
                  000821e1    00000011     nr_micro_shell.obj (.cinit)
                  000821f2    0000000f     device.obj (.cinit)
                  00082201    0000000e     rts2800_fpu32.lib : host_device.c.obj (.cinit:__stream)
                  0008220f    0000000e                       : exit.c.obj (.cinit)
                  0008221d    0000000d     F2837xD_struct.obj (.cinit:_ADC)
                  0008222a    0000000b     F2837xD_struct.obj (.cinit:_EQEP)
                  00082235    0000000b     F2837xD_struct.obj (.cinit:_SPI)
                  00082240    00000009     F2837xD_struct.obj (.cinit:_SDFM)
                  00082249    00000008     control_parameter.obj (.cinit:_g_szString)
                  00082251    00000008     com_ex_flash.obj (.cinit)
                  00082259    00000007     F2837xD_struct.obj (.cinit:_I2C)
                  00082260    00000007     F2837xD_struct.obj (.cinit:_MCBSP)
                  00082267    00000007     F2837xD_struct.obj (.cinit:_SCI)
                  0008226e    00000005     rts2800_fpu32.lib : _lock.c.obj (.cinit:__lock)
                  00082273    00000005                       : _lock.c.obj (.cinit:__unlock)
                  00082278    00000004     F2837xD_sci_io.obj (.cinit)
                  0008227c    00000004     rts2800_fpu32.lib : defs.c.obj (.cinit)
                  00082280    00000004                       : errno.c.obj (.cinit)
                  00082284    00000004                       : fopen.c.obj (.cinit)
                  00082288    00000004                       : memory.c.obj (.cinit)
                  0008228c    00000004                       : open.c.obj (.cinit)
                  00082290    00000002     --HOLE-- [fill = 0]

.pinit     0    00082000    00000000     UNINITIALIZED

codestart 
*          0    00080000    00000002     
                  00080000    00000002     F2837xD_CodeStartBranch.obj (codestart)

.stack     1    00000400    00000200     UNINITIALIZED
                  00000400    00000200     --HOLE--

.ebss      1    0000b810    00000cb0     UNINITIALIZED
                  0000b810    00000028     rts2800_fpu32.lib : host_device.c.obj (.ebss:__stream)
                  0000b838    00000008     F2837xD_struct.obj (.ebss:_EQEP)
                  0000b840    000001f4     control_parameter.obj (.ebss:_sg_buf)
                  0000ba34    0000000c     lib_mem.obj (.ebss)
                  0000ba40    000001d6     os_var.obj (.ebss)
                  0000bc16    00000020     app.obj (.ebss)
                  0000bc36    0000000a     F2837xD_struct.obj (.ebss:_ADC)
                  0000bc40    0000016a     nr_micro_shell.obj (.ebss)
                  0000bdaa    0000000e     F2837xD_struct.obj (.ebss:_ECAP)
                  0000bdb8    00000008     F2837xD_struct.obj (.ebss:_SPI)
                  0000bdc0    00000100     os_var.obj (.ebss:_OSRdyList)
                  0000bec0    000000c0     os_cfg_app.obj (.ebss:_OSCfg_MsgPool)
                  0000bf80    000000a0     rts2800_fpu32.lib : defs.c.obj (.ebss:___TI_tmpnams)
                  0000c020    0000001e     F2837xD_struct.obj (.ebss:_TRIP_SEL)
                  0000c03e    00000002     rts2800_fpu32.lib : _lock.c.obj (.ebss:__lock)
                  0000c040    00000090     control_parameter.obj (.ebss:_sg_ParamTable)
                  0000c0d0    0000001a     F2837xD_struct.obj (.ebss:_EPWM)
                  0000c0ea    0000000a     control_parameter.obj (.ebss:_buf$3)
                  0000c0f4    0000000a     control_parameter.obj (.ebss:_g_szString)
                  0000c0fe    00000002     rts2800_fpu32.lib : _lock.c.obj (.ebss:__unlock)
                  0000c100    00000080     os_cfg_app.obj (.ebss:_OSCfg_ISRStk)
                  0000c180    00000080     os_cfg_app.obj (.ebss:_OSCfg_TmrTaskStk)
                  0000c200    0000007c     ansi.obj (.ebss)
                  0000c27c    00000004     F2837xD_struct.obj (.ebss:_I2C)
                  0000c280    00000078     rts2800_fpu32.lib : defs.c.obj (.ebss:__ftable)
                  0000c2f8    00000008                       : hostopen.c.obj (.ebss:_parmbuf)
                  0000c300    00000064     os_cfg_app.obj (.ebss:_OSCfg_StatTaskStk)
                  0000c364    00000018     F2837xD_CpuTimers.obj (.ebss)
                  0000c37c    00000004     F2837xD_struct.obj (.ebss:_MCBSP)
                  0000c380    00000062     control_parameter.obj (.ebss)
                  0000c3e2    00000006     F2837xD_TempSensorConv.obj (.ebss)
                  0000c3e8    00000006     F2837xD_struct.obj (.ebss:_SDFM)
                  0000c3ee    00000006     device.obj (.ebss)
                  0000c3f4    00000006     pwm_bsp.obj (.ebss)
                  0000c3fa    00000006     rts2800_fpu32.lib : exit.c.obj (.ebss)
                  0000c400    00000048                       : host_device.c.obj (.ebss:__device)
                  0000c448    00000004     os_var.obj (.ebss:_OSPrioTbl)
                  0000c44c    00000004     F2837xD_struct.obj (.ebss:_SCI)
                  0000c450    00000004     display_seg.obj (.ebss:_digits)
                  0000c454    00000004     rts2800_fpu32.lib : memory.c.obj (.ebss)
                  0000c458    00000002     com_ex_flash.obj (.ebss)
                  0000c45a    00000002     lib_math.obj (.ebss)
                  0000c45c    00000001     F2837xD_sci_io.obj (.ebss)
                  0000c45d    00000001     rts2800_fpu32.lib : defs.c.obj (.ebss)
                  0000c45e    00000001                       : errno.c.obj (.ebss)
                  0000c45f    00000001                       : fopen.c.obj (.ebss)
                  0000c460    00000001                       : open.c.obj (.ebss)
                  0000c461    0000001f     --HOLE--
                  0000c480    00000040     os_cfg_app.obj (.ebss:_OSCfg_IdleTaskStk)

.esysmem   1    0000c4c0    00000400     UNINITIALIZED
                  0000c4c0    00000004     rts2800_fpu32.lib : memory.c.obj (.esysmem)
                  0000c4c4    000003fc     --HOLE--

.reset     0    003fffc0    00000002     DSECT
                  003fffc0    00000002     rts2800_fpu32.lib : boot28.asm.obj (.reset)

.TI.ramfunc 
*          0    00086000    00000050     RUN ADDR = 00008000
                  00086000    00000048     F2837xD_SysCtrl.obj (.TI.ramfunc)
                  00086048    00000004     F2837xD_usDelay.obj (.TI.ramfunc)
                  0008604c    00000004     sysctl.obj (.TI.ramfunc)

PieVectTableFile 
*          1    00000d00    000001c0     UNINITIALIZED
                  00000d00    000001c0     F2837xD_GlobalVariableDefs.obj (PieVectTableFile)

EmuKeyVar 
*          1    00000d00    00000000     UNINITIALIZED

EmuBModeVar 
*          1    00000d00    00000000     UNINITIALIZED

FlashCallbackVar 
*          1    00000d00    00000000     UNINITIALIZED

FlashScalingVar 
*          1    00000d00    00000000     UNINITIALIZED

PUTBUFFER 
*          1    0003fc00    00000080     UNINITIALIZED
                  0003fc00    00000080     F2837xD_Ipc_Driver.obj (PUTBUFFER)

PUTWRITEIDX 
*          1    0003fc80    00000004     UNINITIALIZED
                  0003fc80    00000004     F2837xD_Ipc_Driver.obj (PUTWRITEIDX)

GETREADIDX 
*          1    0003fc84    00000004     UNINITIALIZED
                  0003fc84    00000004     F2837xD_Ipc_Driver.obj (GETREADIDX)

GETBUFFER 
*          0    0003f800    00000080     DSECT
                  0003f800    00000080     F2837xD_Ipc_Driver.obj (GETBUFFER)

GETWRITEIDX 
*          0    0003f880    00000004     DSECT
                  0003f880    00000004     F2837xD_Ipc_Driver.obj (GETWRITEIDX)

PUTREADIDX 
*          0    0003f884    00000004     DSECT
                  0003f884    00000004     F2837xD_Ipc_Driver.obj (PUTREADIDX)

Cla1Prog   0    00009000    00000000     UNINITIALIZED

CLAscratch 
*          1    0000a000    00000100     UNINITIALIZED
                  0000a000    00000100     --HOLE--

.rodata.nr_shell_cmd0.end 
*          0    00000122    0000000e     
                  00000122    0000000e     nr_micro_shell.obj (.rodata.nr_shell_cmd0.end)

.rodata.nr_shell_cmd1.end 
*          0    00000130    0000000e     
                  00000130    0000000e     nr_micro_shell.obj (.rodata.nr_shell_cmd1.end)

.text.1    0    00082294    00001d6c     
                  00082294    00000ce4     rts2800_fpu32.lib : _printfi.c.obj (.text)
                  00082f78    000007a2     os_task.obj (.text)
                  0008371a    00000746     cot_param.obj (.text)
                  00083e60    00000192     os_stat.obj (.text)
                  00083ff2    0000000e     rts2800_fpu32.lib : fd_sub28.asm.obj (.text)

.text.2    0    00084000    00002000     
                  00084000    0000057b     F2837xD_DefaultISR.obj (.text:retain)
                  0008457b    00000536     os_tmr.obj (.text)
                  00084ab1    0000051f     control_parameter.obj (.text)
                  00084fd0    00000501     F2837xD_SysCtrl.obj (.text)
                  000854d1    0000044a     os_core.obj (.text)
                  0008591b    000003a0     os_flag.obj (.text)
                  00085cbb    00000321     os_mutex.obj (.text)
                  00085fdc    00000024     rts2800_fpu32.lib : cpy_tbl.c.obj (.text)

.text.3    0    00086050    00001fb0     
                  00086050    00000292     nr_micro_shell.obj (.text)
                  000862e2    0000028c     rts2800_fpu32.lib : memory.c.obj (.text)
                  0008656e    000001cb     F2837xD_Gpio.obj (.text)
                  00086739    000001a4     os_tick.obj (.text)
                  000868dd    000001a2     ansi_port.obj (.text)
                  00086a7f    00000187     app.obj (.text)
                  00086c06    00000171     os_time.obj (.text)
                  00086d77    00000121     rts2800_fpu32.lib : fopen.c.obj (.text)
                  00086e98    00000107                       : ll_div28.asm.obj (.text)
                  00086f9f    00000101     gpio_bsp.obj (.text)
                  000870a0    000000ec     F2837xD_Adc.obj (.text)
                  0008718c    000000e5     display_seg.obj (.text)
                  00087271    000000df     adc_bsp.obj (.text)
                  00087350    000000d7     F2837xD_TempSensorConv.obj (.text)
                  00087427    000000c7     os_cpu_c.obj (.text)
                  000874ee    000000ba     pwm_bsp.obj (.text)
                  000875a8    000000b2     os_mem.obj (.text)
                  0008765a    000000ae     rts2800_fpu32.lib : s_scalbn.c.obj (.text)
                  00087708    000000a8                       : fputs.c.obj (.text)
                  000877b0    0000009c                       : fd_add28.asm.obj (.text)
                  0008784c    00000097     os_msg.obj (.text)
                  000878e3    00000001     os_cfg_app.obj (.text)
                  000878e4    00000095     rts2800_fpu32.lib : trgmsg.c.obj (.text)
                  00087979    00000093     os_cpu_a.obj (.text)
                  00087a0c    00000090     ansi.obj (.text)
                  00087a9c    0000008b     rts2800_fpu32.lib : fd_div28.asm.obj (.text)
                  00087b27    00000088                       : fs_div28.asm.obj (.text)
                  00087baf    00000083                       : fd_mpy28.asm.obj (.text)
                  00087c32    0000007d                       : setvbuf.c.obj (.text)
                  00087caf    0000007c     nr_micro_shell_commands.obj (.text)
                  00087d2b    00000073     rts2800_fpu32.lib : fflush.c.obj (.text)
                  00087d9e    00000071                       : open.c.obj (.text)
                  00087e0f    00000069     pwm_bsp.obj (.text:retain)
                  00087e78    00000067     rts2800_fpu32.lib : _io_perm.c.obj (.text)
                  00087edf    0000005d                       : fclose.c.obj (.text)
                  00087f3c    0000005b                       : hostlseek.c.obj (.text)
                  00087f97    0000005a                       : s_frexp.c.obj (.text)
                  00087ff1    0000000d                       : memchr.c.obj (.text)
                  00087ffe    00000002                       : pre_init.c.obj (.text)

.text.4    0    00088000    0000071d     
                  00088000    00000056     rts2800_fpu32.lib : boot28.asm.obj (.text)
                  00088056    00000053                       : fputc.c.obj (.text)
                  000880a9    00000051                       : getdevice.c.obj (.text)
                  000880fa    00000041     f28377d_init.obj (.text)
                  0008813b    0000003e     rts2800_fpu32.lib : hostrename.c.obj (.text)
                  00088179    0000003d                       : fseek.c.obj (.text)
                  000881b6    0000003c                       : hostopen.c.obj (.text)
                  000881f2    00000039                       : hostwrite.c.obj (.text)
                  0008822b    00000038     os_prio.obj (.text)
                  00088263    00000038     rts2800_fpu32.lib : hostread.c.obj (.text)
                  0008829b    00000034                       : printf.c.obj (.text)
                  000882cf    00000033                       : close.c.obj (.text)
                  00088302    00000032                       : sprintf.c.obj (.text)
                  00088334    00000031                       : atoi.c.obj (.text)
                  00088365    00000030                       : _ltoa.c.obj (.text)
                  00088395    0000002a                       : fd_cmp28.asm.obj (.text)
                  000883bf    0000002a                       : l_div28.asm.obj (.text)
                  000883e9    00000029                       : exit.c.obj (.text)
                  00088412    00000029                       : hostclose.c.obj (.text)
                  0008843b    00000028     F2837xD_PieCtrl.obj (.text)
                  00088463    00000025     rts2800_fpu32.lib : s_copysign.c.obj (.text)
                  00088488    00000024                       : hostunlink.c.obj (.text)
                  000884ac    00000022                       : i_div28.asm.obj (.text)
                  000884ce    00000021                       : fd_toi28.asm.obj (.text)
                  000884ef    00000021                       : memmov.c.obj (.text)
                  00088510    00000020     interrupt.obj (.text:retain)
                  00088530    0000001f     cpu_a.obj (.text)
                  0008854f    0000001f     rts2800_fpu32.lib : fd_tol28.asm.obj (.text)
                  0008856e    0000001e                       : ll_cmp28.asm.obj (.text)
                  0008858c    0000001d                       : i_tofd28.asm.obj (.text)
                  000885a9    0000001d                       : memcpy.c.obj (.text)
                  000885c6    0000001c                       : fs_tofdfpu32.asm.obj (.text)
                  000885e2    0000001c                       : l_tofd28.asm.obj (.text)
                  000885fe    00000019                       : unlink.c.obj (.text)
                  00088617    00000019                       : write.c.obj (.text)
                  00088630    00000018                       : ll_aox28.asm.obj (.text)
                  00088648    00000018                       : lseek.c.obj (.text)
                  00088660    00000016                       : strstr.c.obj (.text)
                  00088676    00000015                       : strncpy.c.obj (.text)
                  0008868b    00000012                       : args_main.c.obj (.text)
                  0008869d    00000011     F2837xD_PieVect.obj (.text)
                  000886ae    00000010     rts2800_fpu32.lib : memccpy.c.obj (.text)
                  000886be    0000000c                       : strchr.c.obj (.text)
                  000886ca    0000000a     F2837xD_DevInit.obj (.text:retain)
                  000886d4    0000000a     rts2800_fpu32.lib : strcmp.c.obj (.text)
                  000886de    00000009                       : _lock.c.obj (.text)
                  000886e7    00000009                       : fd_neg28.asm.obj (.text)
                  000886f0    00000009                       : wcslen.c.obj (.text)
                  000886f9    00000008     F2837xD_CodeStartBranch.obj (.text)
                  00088701    00000008     rts2800_fpu32.lib : strlen.c.obj (.text)
                  00088709    00000007                       : memset.c.obj (.text)
                  00088710    00000005                       : strcpy.c.obj (.text)
                  00088715    00000003     F2837xD_DBGIER.obj (.text)
                  00088718    00000003     rts2800_fpu32.lib : remove.c.obj (.text)
                  0008871b    00000001                       : startup.c.obj (.text)
                  0008871c    00000001     sci_bsp.obj (.text)

.econst    0    00090000    00000bb2     
                  00090000    00000495     control_parameter.obj (.econst:.string)
                  00090495    00000001     os_dbg.obj (.econst)
                  00090496    000001cd     nr_micro_shell.obj (.econst:.string)
                  00090663    00000001     --HOLE-- [fill = 0]
                  00090664    000001c0     F2837xD_PieVect.obj (.econst:_PieVectTableInit)
                  00090824    00000101     rts2800_fpu32.lib : ctype.c.obj (.econst:.string:__ctypes_)
                  00090925    00000001     --HOLE-- [fill = 0]
                  00090926    000000ce     nr_micro_shell_commands.obj (.econst:.string)
                  000909f4    0000005f     app.obj (.econst:.string)
                  00090a53    00000001     --HOLE-- [fill = 0]
                  00090a54    00000030     os_cfg_app.obj (.econst)
                  00090a84    0000002a     nr_micro_shell_commands.obj (.econst:_static_cmd)
                  00090aae    00000029     ansi_port.obj (.econst:.string)
                  00090ad7    00000001     --HOLE-- [fill = 0]
                  00090ad8    00000028     ansi.obj (.econst:_nr_ansi_in_cmd_fun)
                  00090b00    00000026     rts2800_fpu32.lib : _printfi.c.obj (.econst:.string)
                  00090b26    0000001c                       : _printfi.c.obj (.econst)
                  00090b42    0000001c                       : s_scalbn.c.obj (.econst)
                  00090b5e    00000015     ansi.obj (.econst:.string:_nr_ansi_in_cmd)
                  00090b73    00000001     --HOLE-- [fill = 0]
                  00090b74    0000000d     com_ex_sram.obj (.econst:.string)
                  00090b81    0000000c     app.obj (.econst:.string:_$P$T0$1)
                  00090b8d    0000000a     display_seg.obj (.econst:.string:_SEG_TABLE)
                  00090b97    00000001     --HOLE-- [fill = 0]
                  00090b98    00000008     ansi.obj (.econst:_nr_ansi_in_special_symbol_fun)
                  00090ba0    00000008     rts2800_fpu32.lib : s_frexp.c.obj (.econst)
                  00090ba8    00000005     ansi.obj (.econst:.string:_nr_ansi_in_special_symbol)
                  00090bad    00000001     --HOLE-- [fill = 0]
                  00090bae    00000002     rts2800_fpu32.lib : fputs.c.obj (.econst:.string)
                  00090bb0    00000002     cpu_core.obj (.econst)

Clb1LogicCfgRegsFile 
*          1    00000002    0000003e     UNINITIALIZED
                  00000002    0000003e     F2837xD_GlobalVariableDefs.obj (Clb1LogicCfgRegsFile)

AdcaResultRegsFile 
*          1    000000c8    00000018     UNINITIALIZED
                  000000c8    00000018     F2837xD_GlobalVariableDefs.obj (AdcaResultRegsFile)

AdcbResultRegsFile 
*          1    000000e0    00000018     UNINITIALIZED
                  000000e0    00000018     F2837xD_GlobalVariableDefs.obj (AdcbResultRegsFile)

AdccResultRegsFile 
*          1    00000100    00000018     UNINITIALIZED
                  00000100    00000018     F2837xD_GlobalVariableDefs.obj (AdccResultRegsFile)

.cio       1    00000600    00000120     UNINITIALIZED
                  00000600    00000120     rts2800_fpu32.lib : trgmsg.c.obj (.cio)

AdcdResultRegsFile 
*          1    00000720    00000018     UNINITIALIZED
                  00000720    00000018     F2837xD_GlobalVariableDefs.obj (AdcdResultRegsFile)

CpuTimer0RegsFile 
*          1    00000c00    00000008     UNINITIALIZED
                  00000c00    00000008     F2837xD_GlobalVariableDefs.obj (CpuTimer0RegsFile)

CpuTimer1RegsFile 
*          1    00000c08    00000008     UNINITIALIZED
                  00000c08    00000008     F2837xD_GlobalVariableDefs.obj (CpuTimer1RegsFile)

CpuTimer2RegsFile 
*          1    00000c10    00000008     UNINITIALIZED
                  00000c10    00000008     F2837xD_GlobalVariableDefs.obj (CpuTimer2RegsFile)

PieCtrlRegsFile 
*          1    00000ce0    0000001a     UNINITIALIZED
                  00000ce0    0000001a     F2837xD_GlobalVariableDefs.obj (PieCtrlRegsFile)

Clb1LogicCtrlRegsFile 
*          1    00000ec0    00000040     UNINITIALIZED
                  00000ec0    00000040     F2837xD_GlobalVariableDefs.obj (Clb1LogicCtrlRegsFile)

Clb2LogicCtrlRegsFile 
*          1    00001100    00000040     UNINITIALIZED
                  00001100    00000040     F2837xD_GlobalVariableDefs.obj (Clb2LogicCtrlRegsFile)

Clb3LogicCtrlRegsFile 
*          1    00001140    00000040     UNINITIALIZED
                  00001140    00000040     F2837xD_GlobalVariableDefs.obj (Clb3LogicCtrlRegsFile)

Clb4LogicCtrlRegsFile 
*          1    00001180    00000040     UNINITIALIZED
                  00001180    00000040     F2837xD_GlobalVariableDefs.obj (Clb4LogicCtrlRegsFile)

Cla1RegsFile 
*          1    00001400    0000003e     UNINITIALIZED
                  00001400    0000003e     F2837xD_GlobalVariableDefs.obj (Cla1RegsFile)

EPwm1RegsFile 
*          1    00004000    00000100     UNINITIALIZED
                  00004000    00000100     F2837xD_GlobalVariableDefs.obj (EPwm1RegsFile)

EPwm2RegsFile 
*          1    00004100    00000100     UNINITIALIZED
                  00004100    00000100     F2837xD_GlobalVariableDefs.obj (EPwm2RegsFile)

EPwm3RegsFile 
*          1    00004200    00000100     UNINITIALIZED
                  00004200    00000100     F2837xD_GlobalVariableDefs.obj (EPwm3RegsFile)

EPwm4RegsFile 
*          1    00004300    00000100     UNINITIALIZED
                  00004300    00000100     F2837xD_GlobalVariableDefs.obj (EPwm4RegsFile)

EPwm5RegsFile 
*          1    00004400    00000100     UNINITIALIZED
                  00004400    00000100     F2837xD_GlobalVariableDefs.obj (EPwm5RegsFile)

EPwm6RegsFile 
*          1    00004500    00000100     UNINITIALIZED
                  00004500    00000100     F2837xD_GlobalVariableDefs.obj (EPwm6RegsFile)

EPwm7RegsFile 
*          1    00004600    00000100     UNINITIALIZED
                  00004600    00000100     F2837xD_GlobalVariableDefs.obj (EPwm7RegsFile)

EPwm8RegsFile 
*          1    00004700    00000100     UNINITIALIZED
                  00004700    00000100     F2837xD_GlobalVariableDefs.obj (EPwm8RegsFile)

EPwm9RegsFile 
*          1    00004800    00000100     UNINITIALIZED
                  00004800    00000100     F2837xD_GlobalVariableDefs.obj (EPwm9RegsFile)

EPwm10RegsFile 
*          1    00004900    00000100     UNINITIALIZED
                  00004900    00000100     F2837xD_GlobalVariableDefs.obj (EPwm10RegsFile)

EPwm11RegsFile 
*          1    00004a00    00000100     UNINITIALIZED
                  00004a00    00000100     F2837xD_GlobalVariableDefs.obj (EPwm11RegsFile)

EPwm12RegsFile 
*          1    00004b00    00000100     UNINITIALIZED
                  00004b00    00000100     F2837xD_GlobalVariableDefs.obj (EPwm12RegsFile)

ECap1RegsFile 
*          1    00005000    0000001a     UNINITIALIZED
                  00005000    0000001a     F2837xD_GlobalVariableDefs.obj (ECap1RegsFile)

ECap2RegsFile 
*          1    00005020    0000001a     UNINITIALIZED
                  00005020    0000001a     F2837xD_GlobalVariableDefs.obj (ECap2RegsFile)

ECap3RegsFile 
*          1    00005040    0000001a     UNINITIALIZED
                  00005040    0000001a     F2837xD_GlobalVariableDefs.obj (ECap3RegsFile)

ECap4RegsFile 
*          1    00005060    0000001a     UNINITIALIZED
                  00005060    0000001a     F2837xD_GlobalVariableDefs.obj (ECap4RegsFile)

ECap5RegsFile 
*          1    00005080    0000001a     UNINITIALIZED
                  00005080    0000001a     F2837xD_GlobalVariableDefs.obj (ECap5RegsFile)

ECap6RegsFile 
*          1    000050a0    0000001a     UNINITIALIZED
                  000050a0    0000001a     F2837xD_GlobalVariableDefs.obj (ECap6RegsFile)

EQep1RegsFile 
*          1    00005100    00000022     UNINITIALIZED
                  00005100    00000022     F2837xD_GlobalVariableDefs.obj (EQep1RegsFile)

EQep2RegsFile 
*          1    00005140    00000022     UNINITIALIZED
                  00005140    00000022     F2837xD_GlobalVariableDefs.obj (EQep2RegsFile)

EQep3RegsFile 
*          1    00005180    00000022     UNINITIALIZED
                  00005180    00000022     F2837xD_GlobalVariableDefs.obj (EQep3RegsFile)

DacaRegsFile 
*          1    00005c00    00000007     UNINITIALIZED
                  00005c00    00000007     F2837xD_GlobalVariableDefs.obj (DacaRegsFile)

DacbRegsFile 
*          1    00005c10    00000007     UNINITIALIZED
                  00005c10    00000007     F2837xD_GlobalVariableDefs.obj (DacbRegsFile)

DaccRegsFile 
*          1    00005c20    00000007     UNINITIALIZED
                  00005c20    00000007     F2837xD_GlobalVariableDefs.obj (DaccRegsFile)

Cmpss1RegsFile 
*          1    00005c80    0000001b     UNINITIALIZED
                  00005c80    0000001b     F2837xD_GlobalVariableDefs.obj (Cmpss1RegsFile)

Cmpss2RegsFile 
*          1    00005ca0    0000001b     UNINITIALIZED
                  00005ca0    0000001b     F2837xD_GlobalVariableDefs.obj (Cmpss2RegsFile)

Cmpss3RegsFile 
*          1    00005cc0    0000001b     UNINITIALIZED
                  00005cc0    0000001b     F2837xD_GlobalVariableDefs.obj (Cmpss3RegsFile)

Cmpss4RegsFile 
*          1    00005ce0    0000001b     UNINITIALIZED
                  00005ce0    0000001b     F2837xD_GlobalVariableDefs.obj (Cmpss4RegsFile)

Cmpss5RegsFile 
*          1    00005d00    0000001b     UNINITIALIZED
                  00005d00    0000001b     F2837xD_GlobalVariableDefs.obj (Cmpss5RegsFile)

Cmpss6RegsFile 
*          1    00005d20    0000001b     UNINITIALIZED
                  00005d20    0000001b     F2837xD_GlobalVariableDefs.obj (Cmpss6RegsFile)

Cmpss7RegsFile 
*          1    00005d40    0000001b     UNINITIALIZED
                  00005d40    0000001b     F2837xD_GlobalVariableDefs.obj (Cmpss7RegsFile)

Cmpss8RegsFile 
*          1    00005d60    0000001b     UNINITIALIZED
                  00005d60    0000001b     F2837xD_GlobalVariableDefs.obj (Cmpss8RegsFile)

Sdfm1RegsFile 
*          1    00005e00    00000048     UNINITIALIZED
                  00005e00    00000048     F2837xD_GlobalVariableDefs.obj (Sdfm1RegsFile)

Sdfm2RegsFile 
*          1    00005e80    00000048     UNINITIALIZED
                  00005e80    00000048     F2837xD_GlobalVariableDefs.obj (Sdfm2RegsFile)

McbspaRegsFile 
*          1    00006000    00000024     UNINITIALIZED
                  00006000    00000024     F2837xD_GlobalVariableDefs.obj (McbspaRegsFile)

McbspbRegsFile 
*          1    00006040    00000024     UNINITIALIZED
                  00006040    00000024     F2837xD_GlobalVariableDefs.obj (McbspbRegsFile)

SpiaRegsFile 
*          1    00006100    00000010     UNINITIALIZED
                  00006100    00000010     F2837xD_GlobalVariableDefs.obj (SpiaRegsFile)

SpibRegsFile 
*          1    00006110    00000010     UNINITIALIZED
                  00006110    00000010     F2837xD_GlobalVariableDefs.obj (SpibRegsFile)

SpicRegsFile 
*          1    00006120    00000010     UNINITIALIZED
                  00006120    00000010     F2837xD_GlobalVariableDefs.obj (SpicRegsFile)

UppRegsFile 
*          1    00006200    00000048     UNINITIALIZED
                  00006200    00000048     F2837xD_GlobalVariableDefs.obj (UppRegsFile)

WdRegsFile 
*          1    00007000    0000002b     UNINITIALIZED
                  00007000    0000002b     F2837xD_GlobalVariableDefs.obj (WdRegsFile)

NmiIntruptRegsFile 
*          1    00007060    00000007     UNINITIALIZED
                  00007060    00000007     F2837xD_GlobalVariableDefs.obj (NmiIntruptRegsFile)

XintRegsFile 
*          1    00007070    0000000b     UNINITIALIZED
                  00007070    0000000b     F2837xD_GlobalVariableDefs.obj (XintRegsFile)

SciaRegsFile 
*          1    00007200    00000010     UNINITIALIZED
                  00007200    00000010     F2837xD_GlobalVariableDefs.obj (SciaRegsFile)

ScibRegsFile 
*          1    00007210    00000010     UNINITIALIZED
                  00007210    00000010     F2837xD_GlobalVariableDefs.obj (ScibRegsFile)

ScicRegsFile 
*          1    00007220    00000010     UNINITIALIZED
                  00007220    00000010     F2837xD_GlobalVariableDefs.obj (ScicRegsFile)

ScidRegsFile 
*          1    00007230    00000010     UNINITIALIZED
                  00007230    00000010     F2837xD_GlobalVariableDefs.obj (ScidRegsFile)

I2caRegsFile 
*          1    00007300    00000022     UNINITIALIZED
                  00007300    00000022     F2837xD_GlobalVariableDefs.obj (I2caRegsFile)

I2cbRegsFile 
*          1    00007340    00000022     UNINITIALIZED
                  00007340    00000022     F2837xD_GlobalVariableDefs.obj (I2cbRegsFile)

AdcaRegsFile 
*          1    00007400    0000007c     UNINITIALIZED
                  00007400    0000007c     F2837xD_GlobalVariableDefs.obj (AdcaRegsFile)

AdcbRegsFile 
*          1    00007480    0000007c     UNINITIALIZED
                  00007480    0000007c     F2837xD_GlobalVariableDefs.obj (AdcbRegsFile)

AdccRegsFile 
*          1    00007500    0000007c     UNINITIALIZED
                  00007500    0000007c     F2837xD_GlobalVariableDefs.obj (AdccRegsFile)

AdcdRegsFile 
*          1    00007580    0000007c     UNINITIALIZED
                  00007580    0000007c     F2837xD_GlobalVariableDefs.obj (AdcdRegsFile)

InputXbarRegsFile 
*          1    00007900    00000020     UNINITIALIZED
                  00007900    00000020     F2837xD_GlobalVariableDefs.obj (InputXbarRegsFile)

XbarRegsFile 
*          1    00007920    0000000e     UNINITIALIZED
                  00007920    0000000e     F2837xD_GlobalVariableDefs.obj (XbarRegsFile)

SyncSocRegsFile 
*          1    00007940    00000006     UNINITIALIZED
                  00007940    00000006     F2837xD_GlobalVariableDefs.obj (SyncSocRegsFile)

EPwmXbarRegsFile 
*          1    00007a00    00000040     UNINITIALIZED
                  00007a00    00000040     F2837xD_GlobalVariableDefs.obj (EPwmXbarRegsFile)

OutputXbarRegsFile 
*          1    00007a80    00000040     UNINITIALIZED
                  00007a80    00000040     F2837xD_GlobalVariableDefs.obj (OutputXbarRegsFile)

GpioCtrlRegsFile 
*          1    00007c00    00000180     UNINITIALIZED
                  00007c00    00000180     F2837xD_GlobalVariableDefs.obj (GpioCtrlRegsFile)

GpioDataRegsFile 
*          1    00007f00    00000030     UNINITIALIZED
                  00007f00    00000030     F2837xD_GlobalVariableDefs.obj (GpioDataRegsFile)

CanaRegsFile 
*          1    00048000    00000164     UNINITIALIZED
                  00048000    00000164     F2837xD_GlobalVariableDefs.obj (CanaRegsFile)

CanbRegsFile 
*          1    0004a000    00000164     UNINITIALIZED
                  0004a000    00000164     F2837xD_GlobalVariableDefs.obj (CanbRegsFile)

IpcRegsFile 
*          1    00050000    00000024     UNINITIALIZED
                  00050000    00000024     F2837xD_GlobalVariableDefs.obj (IpcRegsFile)

FlashPumpSemaphoreRegsFile 
*          1    00050024    00000002     UNINITIALIZED
                  00050024    00000002     F2837xD_GlobalVariableDefs.obj (FlashPumpSemaphoreRegsFile)

AnalogSubsysRegsFile 
*          1    0005d180    0000003e     UNINITIALIZED
                  0005d180    0000003e     F2837xD_GlobalVariableDefs.obj (AnalogSubsysRegsFile)

Cla1SoftIntRegsFile 
*          1    00000ce0    00000000     DSECT

ClbXbarRegsFile 
*          1    00007a40    00000040     UNINITIALIZED
                  00007a40    00000040     F2837xD_GlobalVariableDefs.obj (ClbXbarRegsFile)

RomPrefetchRegsFile 
*          1    0005e608    00000002     UNINITIALIZED
                  0005e608    00000002     F2837xD_GlobalVariableDefs.obj (RomPrefetchRegsFile)

DcsmZ1RegsFile 
*          1    0005f000    00000022     UNINITIALIZED
                  0005f000    00000022     F2837xD_GlobalVariableDefs.obj (DcsmZ1RegsFile)

DcsmZ2RegsFile 
*          1    0005f040    00000022     UNINITIALIZED
                  0005f040    00000022     F2837xD_GlobalVariableDefs.obj (DcsmZ2RegsFile)

DcsmCommonRegsFile 
*          1    0005f070    00000006     UNINITIALIZED
                  0005f070    00000006     F2837xD_GlobalVariableDefs.obj (DcsmCommonRegsFile)

DmaRegsFile 
*          1    00001000    000000e0     UNINITIALIZED
                  00001000    000000e0     F2837xD_GlobalVariableDefs.obj (DmaRegsFile)

DmaClaSrcSelRegsFile 
*          1    00007980    0000001a     UNINITIALIZED
                  00007980    0000001a     F2837xD_GlobalVariableDefs.obj (DmaClaSrcSelRegsFile)

Emif1RegsFile 
*          1    00047000    00000028     UNINITIALIZED
                  00047000    00000028     F2837xD_GlobalVariableDefs.obj (Emif1RegsFile)

Emif2RegsFile 
*          1    00047800    00000028     UNINITIALIZED
                  00047800    00000028     F2837xD_GlobalVariableDefs.obj (Emif2RegsFile)

MemCfgRegsFile 
*          1    0005f400    00000076     UNINITIALIZED
                  0005f400    00000076     F2837xD_GlobalVariableDefs.obj (MemCfgRegsFile)

Emif1ConfigRegsFile 
*          1    0005f480    0000000a     UNINITIALIZED
                  0005f480    0000000a     F2837xD_GlobalVariableDefs.obj (Emif1ConfigRegsFile)

Emif2ConfigRegsFile 
*          1    0005f4a0    0000000a     UNINITIALIZED
                  0005f4a0    0000000a     F2837xD_GlobalVariableDefs.obj (Emif2ConfigRegsFile)

AccessProtectionRegsFile 
*          1    0005f4c0    0000002e     UNINITIALIZED
                  0005f4c0    0000002e     F2837xD_GlobalVariableDefs.obj (AccessProtectionRegsFile)

MemoryErrorRegsFile 
*          1    0005f500    0000003a     UNINITIALIZED
                  0005f500    0000003a     F2837xD_GlobalVariableDefs.obj (MemoryErrorRegsFile)

RomWaitStateRegsFile 
*          1    0005f540    00000002     UNINITIALIZED
                  0005f540    00000002     F2837xD_GlobalVariableDefs.obj (RomWaitStateRegsFile)

Flash0CtrlRegsFile 
*          1    0005f800    00000182     UNINITIALIZED
                  0005f800    00000182     F2837xD_GlobalVariableDefs.obj (Flash0CtrlRegsFile)

Flash0EccRegsFile 
*          1    0005fb00    00000028     UNINITIALIZED
                  0005fb00    00000028     F2837xD_GlobalVariableDefs.obj (Flash0EccRegsFile)

DevCfgRegsFile 
*          1    0005d000    0000012e     UNINITIALIZED
                  0005d000    0000012e     F2837xD_GlobalVariableDefs.obj (DevCfgRegsFile)

ClkCfgRegsFile 
*          1    0005d200    00000032     UNINITIALIZED
                  0005d200    00000032     F2837xD_GlobalVariableDefs.obj (ClkCfgRegsFile)

CpuSysRegsFile 
*          1    0005d300    00000082     UNINITIALIZED
                  0005d300    00000082     F2837xD_GlobalVariableDefs.obj (CpuSysRegsFile)

TASK_STK_RAM 
*          1    0000a100    00000540     UNINITIALIZED
                  0000a100    00000540     app.obj (TASK_STK_RAM)

MSGRAM_CPU1_TO_CPU2 
*          1    00000040    00000088     UNINITIALIZED
                  00000040    00000088     ipc.obj (MSGRAM_CPU1_TO_CPU2)

MSGRAM_CPU2_TO_CPU1 
*          1    00000740    00000088     UNINITIALIZED
                  00000740    00000088     ipc.obj (MSGRAM_CPU2_TO_CPU1)

Clb2LogicCfgRegsFile 
*          1    000011c0    0000003e     UNINITIALIZED
                  000011c0    0000003e     F2837xD_GlobalVariableDefs.obj (Clb2LogicCfgRegsFile)

Clb3LogicCfgRegsFile 
*          1    00001480    0000003e     UNINITIALIZED
                  00001480    0000003e     F2837xD_GlobalVariableDefs.obj (Clb3LogicCfgRegsFile)

Clb4LogicCfgRegsFile 
*          1    000014c0    0000003e     UNINITIALIZED
                  000014c0    0000003e     F2837xD_GlobalVariableDefs.obj (Clb4LogicCfgRegsFile)

Clb1DataExchRegsFile 
*          1    0000a640    00000108     UNINITIALIZED
                  0000a640    00000108     F2837xD_GlobalVariableDefs.obj (Clb1DataExchRegsFile)

Clb2DataExchRegsFile 
*          1    0000a800    00000108     UNINITIALIZED
                  0000a800    00000108     F2837xD_GlobalVariableDefs.obj (Clb2DataExchRegsFile)

Clb3DataExchRegsFile 
*          1    0000a940    00000108     UNINITIALIZED
                  0000a940    00000108     F2837xD_GlobalVariableDefs.obj (Clb3DataExchRegsFile)

Clb4DataExchRegsFile 
*          1    0000aa80    00000108     UNINITIALIZED
                  0000aa80    00000108     F2837xD_GlobalVariableDefs.obj (Clb4DataExchRegsFile)

MODULE SUMMARY

       Module                           code    initialized data   uninitialized data
       ------                           ----    ----------------   ------------------
    .\application\
       app.obj                          391     139                1376              
    +--+--------------------------------+-------+------------------+--------------------+
       Total:                           391     139                1376              
                                                                                     
    .\drivers\bsp\
       pwm_bsp.obj                      291     24                 6                 
       gpio_bsp.obj                     257     0                  0                 
       adc_bsp.obj                      223     0                  0                 
       f28377d_init.obj                 65      0                  0                 
       sci_bsp.obj                      1       0                  0                 
    +--+--------------------------------+-------+------------------+--------------------+
       Total:                           837     24                 6                 
                                                                                     
    .\drivers\include\driverlib\
       ipc.obj                          0       0                  272               
       interrupt.obj                    32      0                  0                 
       sysctl.obj                       8       0                  0                 
    +--+--------------------------------+-------+------------------+--------------------+
       Total:                           40      0                  272               
                                                                                     
    .\drivers\source\
       F2837xD_GlobalVariableDefs.obj   0       0                  9854              
       F2837xD_SysCtrl.obj              1425    0                  0                 
       F2837xD_DefaultISR.obj           1403    0                  0                 
       F2837xD_PieVect.obj              17      448                0                 
       F2837xD_Gpio.obj                 459     0                  0                 
       F2837xD_struct.obj               0       144                114               
       F2837xD_Adc.obj                  236     0                  0                 
       F2837xD_TempSensorConv.obj       215     0                  6                 
       F2837xD_Ipc_Driver.obj           0       0                  136               
       F2837xD_PieCtrl.obj              40      0                  0                 
       F2837xD_CpuTimers.obj            0       0                  24                
       device.obj                       0       15                 6                 
       F2837xD_CodeStartBranch.obj      10      0                  0                 
       F2837xD_DevInit.obj              10      0                  0                 
       F2837xD_usDelay.obj              8       0                  0                 
       F2837xD_sci_io.obj               0       4                  1                 
       F2837xD_DBGIER.obj               3       0                  0                 
    +--+--------------------------------+-------+------------------+--------------------+
       Total:                           3826    611                10141             
                                                                                     
    .\modules\comm\
       com_ex_sram.obj                  0       13                 0                 
       com_ex_flash.obj                 0       8                  2                 
    +--+--------------------------------+-------+------------------+--------------------+
       Total:                           0       21                 2                 
                                                                                     
    .\modules\display\
       control_parameter.obj            1311    1462               762               
       display_seg.obj                  229     10                 4                 
    +--+--------------------------------+-------+------------------+--------------------+
       Total:                           1540    1472               766               
                                                                                     
    .\modules\display\cot_param\
       cot_param.obj                    1862    0                  0                 
    +--+--------------------------------+-------+------------------+--------------------+
       Total:                           1862    0                  0                 
                                                                                     
    .\modules\display\nr_micro_shell\
       nr_micro_shell_commands.obj      124     248                0                 
    +--+--------------------------------+-------+------------------+--------------------+
       Total:                           124     248                0                 
                                                                                     
    .\modules\display\nr_micro_shell\source\
       nr_micro_shell.obj               658     506                362               
       ansi_port.obj                    418     41                 0                 
       ansi.obj                         144     74                 124               
    +--+--------------------------------+-------+------------------+--------------------+
       Total:                           1220    621                486               
                                                                                     
    .\rtos\ucos3\uC-CPU\
       cpu_a.obj                        31      0                  0                 
       cpu_core.obj                     0       2                  0                 
    +--+--------------------------------+-------+------------------+--------------------+
       Total:                           31      2                  0                 
                                                                                     
    .\rtos\ucos3\uC-LIB\
       lib_mem.obj                      0       0                  12                
       lib_math.obj                     0       0                  2                 
    +--+--------------------------------+-------+------------------+--------------------+
       Total:                           0       0                  14                
                                                                                     
    .\rtos\ucos3\uC-OS3\Ports\
       os_cpu_c.obj                     199     0                  0                 
       os_cpu_a.obj                     147     0                  0                 
    +--+--------------------------------+-------+------------------+--------------------+
       Total:                           346     0                  0                 
                                                                                     
    .\rtos\ucos3\uC-OS3\Source\
       os_task.obj                      1954    0                  0                 
       os_tmr.obj                       1334    0                  0                 
       os_core.obj                      1098    0                  0                 
       os_flag.obj                      928     0                  0                 
       os_mutex.obj                     801     0                  0                 
       os_var.obj                       0       0                  730               
       os_cfg_app.obj                   1       48                 612               
       os_tick.obj                      420     0                  0                 
       os_stat.obj                      402     0                  0                 
       os_time.obj                      369     0                  0                 
       os_mem.obj                       178     0                  0                 
       os_msg.obj                       151     0                  0                 
       os_prio.obj                      56      0                  0                 
       os_dbg.obj                       0       1                  0                 
    +--+--------------------------------+-------+------------------+--------------------+
       Total:                           7692    49                 1342              
                                                                                     
    C:\ti\complier\ti-cgt-c2000_20.2.2.LTS\lib\rts2800_fpu32.lib
       _printfi.c.obj                   3300    66                 0                 
       memory.c.obj                     652     4                  4                 
       trgmsg.c.obj                     149     0                  288               
       defs.c.obj                       0       42                 281               
       fopen.c.obj                      289     4                  1                 
       ll_div28.asm.obj                 263     0                  0                 
       ctype.c.obj                      0       257                0                 
       s_scalbn.c.obj                   174     28                 0                 
       fputs.c.obj                      168     2                  0                 
       fd_add28.asm.obj                 156     0                  0                 
       host_device.c.obj                0       41                 112               
       fd_div28.asm.obj                 139     0                  0                 
       fs_div28.asm.obj                 136     0                  0                 
       fd_mpy28.asm.obj                 131     0                  0                 
       setvbuf.c.obj                    125     0                  0                 
       open.c.obj                       113     4                  1                 
       fflush.c.obj                     115     0                  0                 
       _io_perm.c.obj                   103     0                  0                 
       s_frexp.c.obj                    90      8                  0                 
       fclose.c.obj                     93      0                  0                 
       hostlseek.c.obj                  91      0                  0                 
       boot28.asm.obj                   86      0                  0                 
       fputc.c.obj                      83      0                  0                 
       getdevice.c.obj                  81      0                  0                 
       hostopen.c.obj                   60      0                  8                 
       hostrename.c.obj                 62      0                  0                 
       exit.c.obj                       41      14                 6                 
       fseek.c.obj                      61      0                  0                 
       hostwrite.c.obj                  57      0                  0                 
       hostread.c.obj                   56      0                  0                 
       printf.c.obj                     52      0                  0                 
       close.c.obj                      51      0                  0                 
       sprintf.c.obj                    50      0                  0                 
       atoi.c.obj                       49      0                  0                 
       _ltoa.c.obj                      48      0                  0                 
       fd_cmp28.asm.obj                 42      0                  0                 
       l_div28.asm.obj                  42      0                  0                 
       hostclose.c.obj                  41      0                  0                 
       s_copysign.c.obj                 37      0                  0                 
       cpy_tbl.c.obj                    36      0                  0                 
       hostunlink.c.obj                 36      0                  0                 
       i_div28.asm.obj                  34      0                  0                 
       fd_toi28.asm.obj                 33      0                  0                 
       memmov.c.obj                     33      0                  0                 
       fd_tol28.asm.obj                 31      0                  0                 
       ll_cmp28.asm.obj                 30      0                  0                 
       i_tofd28.asm.obj                 29      0                  0                 
       memcpy.c.obj                     29      0                  0                 
       fs_tofdfpu32.asm.obj             28      0                  0                 
       l_tofd28.asm.obj                 28      0                  0                 
       unlink.c.obj                     25      0                  0                 
       write.c.obj                      25      0                  0                 
       ll_aox28.asm.obj                 24      0                  0                 
       lseek.c.obj                      24      0                  0                 
       _lock.c.obj                      9       10                 4                 
       strstr.c.obj                     22      0                  0                 
       strncpy.c.obj                    21      0                  0                 
       args_main.c.obj                  18      0                  0                 
       memccpy.c.obj                    16      0                  0                 
       fd_sub28.asm.obj                 14      0                  0                 
       memchr.c.obj                     13      0                  0                 
       strchr.c.obj                     12      0                  0                 
       strcmp.c.obj                     10      0                  0                 
       fd_neg28.asm.obj                 9       0                  0                 
       wcslen.c.obj                     9       0                  0                 
       strlen.c.obj                     8       0                  0                 
       memset.c.obj                     7       0                  0                 
       errno.c.obj                      0       4                  1                 
       strcpy.c.obj                     5       0                  0                 
       remove.c.obj                     3       0                  0                 
       pre_init.c.obj                   2       0                  0                 
       startup.c.obj                    1       0                  0                 
    +--+--------------------------------+-------+------------------+--------------------+
       Total:                           7910    484                706               
                                                                                     
       Heap:                            0       0                  1024              
       Stack:                           0       0                  512               
    +--+--------------------------------+-------+------------------+--------------------+
       Grand Total:                     25819   3671               16647             


GLOBAL DATA SYMBOLS: SORTED BY DATA PAGE

address     data page           name
--------    ----------------    ----
00000002       0 (00000000)     _Clb1LogicCfgRegs

00000040       1 (00000040)     _IPC_CPU1_To_CPU2_PutBuffer

000000c8       3 (000000c0)     _AdcaResultRegs
000000e0       3 (000000c0)     _AdcbResultRegs

00000100       4 (00000100)     _AdccResultRegs
00000122       4 (00000100)     __nr_cmd_start_
00000130       4 (00000100)     __nr_cmd_end_

00000400      10 (00000400)     __stack

00000600      18 (00000600)     __CIOBUF_

00000720      1c (00000700)     _AdcdResultRegs

00000740      1d (00000740)     _IPC_CPU1_To_CPU2_GetBuffer

00000c00      30 (00000c00)     _CpuTimer0Regs
00000c08      30 (00000c00)     _CpuTimer1Regs
00000c10      30 (00000c00)     _CpuTimer2Regs

00000ce0      33 (00000cc0)     _PieCtrlRegs

00000d00      34 (00000d00)     _PieVectTable

00000ec0      3b (00000ec0)     _Clb1LogicCtrlRegs

00001000      40 (00001000)     _DmaRegs

00001100      44 (00001100)     _Clb2LogicCtrlRegs

00001140      45 (00001140)     _Clb3LogicCtrlRegs

00001180      46 (00001180)     _Clb4LogicCtrlRegs

000011c0      47 (000011c0)     _Clb2LogicCfgRegs

00001400      50 (00001400)     _Cla1Regs

00001480      52 (00001480)     _Clb3LogicCfgRegs

000014c0      53 (000014c0)     _Clb4LogicCfgRegs

00004000     100 (00004000)     _EPwm1Regs

00004100     104 (00004100)     _EPwm2Regs

00004200     108 (00004200)     _EPwm3Regs

00004300     10c (00004300)     _EPwm4Regs

00004400     110 (00004400)     _EPwm5Regs

00004500     114 (00004500)     _EPwm6Regs

00004600     118 (00004600)     _EPwm7Regs

00004700     11c (00004700)     _EPwm8Regs

00004800     120 (00004800)     _EPwm9Regs

00004900     124 (00004900)     _EPwm10Regs

00004a00     128 (00004a00)     _EPwm11Regs

00004b00     12c (00004b00)     _EPwm12Regs

00005000     140 (00005000)     _ECap1Regs
00005020     140 (00005000)     _ECap2Regs

00005040     141 (00005040)     _ECap3Regs
00005060     141 (00005040)     _ECap4Regs

00005080     142 (00005080)     _ECap5Regs
000050a0     142 (00005080)     _ECap6Regs

00005100     144 (00005100)     _EQep1Regs

00005140     145 (00005140)     _EQep2Regs

00005180     146 (00005180)     _EQep3Regs

00005c00     170 (00005c00)     _DacaRegs
00005c10     170 (00005c00)     _DacbRegs
00005c20     170 (00005c00)     _DaccRegs

00005c80     172 (00005c80)     _Cmpss1Regs
00005ca0     172 (00005c80)     _Cmpss2Regs

00005cc0     173 (00005cc0)     _Cmpss3Regs
00005ce0     173 (00005cc0)     _Cmpss4Regs

00005d00     174 (00005d00)     _Cmpss5Regs
00005d20     174 (00005d00)     _Cmpss6Regs

00005d40     175 (00005d40)     _Cmpss7Regs
00005d60     175 (00005d40)     _Cmpss8Regs

00005e00     178 (00005e00)     _Sdfm1Regs

00005e80     17a (00005e80)     _Sdfm2Regs

00006000     180 (00006000)     _McbspaRegs

00006040     181 (00006040)     _McbspbRegs

00006100     184 (00006100)     _SpiaRegs
00006110     184 (00006100)     _SpibRegs
00006120     184 (00006100)     _SpicRegs

00006200     188 (00006200)     _UppRegs

00007000     1c0 (00007000)     _WdRegs

00007060     1c1 (00007040)     _NmiIntruptRegs
00007070     1c1 (00007040)     _XintRegs

00007200     1c8 (00007200)     _SciaRegs
00007210     1c8 (00007200)     _ScibRegs
00007220     1c8 (00007200)     _ScicRegs
00007230     1c8 (00007200)     _ScidRegs

00007300     1cc (00007300)     _I2caRegs

00007340     1cd (00007340)     _I2cbRegs

00007400     1d0 (00007400)     _AdcaRegs

00007480     1d2 (00007480)     _AdcbRegs

00007500     1d4 (00007500)     _AdccRegs

00007580     1d6 (00007580)     _AdcdRegs

00007900     1e4 (00007900)     _InputXbarRegs
00007920     1e4 (00007900)     _XbarRegs

00007940     1e5 (00007940)     _SyncSocRegs

00007980     1e6 (00007980)     _DmaClaSrcSelRegs

00007a00     1e8 (00007a00)     _EPwmXbarRegs

00007a40     1e9 (00007a40)     _ClbXbarRegs

00007a80     1ea (00007a80)     _OutputXbarRegs

00007c00     1f0 (00007c00)     _GpioCtrlRegs

00007f00     1fc (00007f00)     _GpioDataRegs

0000a640     299 (0000a640)     _Clb1DataExchRegs

0000a800     2a0 (0000a800)     _Clb2DataExchRegs

0000a940     2a5 (0000a940)     _Clb3DataExchRegs

0000aa80     2aa (0000aa80)     _Clb4DataExchRegs

0000b810     2e0 (0000b800)     __stream
0000b838     2e0 (0000b800)     _EQEP

0000b840     2e1 (0000b840)     _sg_buf

0000ba34     2e8 (0000ba00)     _Mem_SegHeadPtr
0000ba36     2e8 (0000ba00)     _Mem_SegHeap

0000ba40     2e9 (0000ba40)     _OSIntNestingCtr
0000ba41     2e9 (0000ba40)     _OSRunning
0000ba42     2e9 (0000ba40)     _OSInitialized
0000ba43     2e9 (0000ba40)     _OSPrioCur
0000ba44     2e9 (0000ba40)     _OSPrioHighRdy
0000ba45     2e9 (0000ba40)     _OSSchedLockNestingCtr
0000ba46     2e9 (0000ba40)     _OSSchedRoundRobinEn
0000ba47     2e9 (0000ba40)     _OSStatResetFlag
0000ba48     2e9 (0000ba40)     _OSStatTaskCPUUsage
0000ba49     2e9 (0000ba40)     _OSStatTaskCPUUsageMax
0000ba4a     2e9 (0000ba40)     _OSStatTaskRdy
0000ba4b     2e9 (0000ba40)     _OSTaskQty
0000ba4c     2e9 (0000ba40)     _OSTaskRegNextAvailID
0000ba4e     2e9 (0000ba40)     _OS_AppTaskCreateHookPtr
0000ba50     2e9 (0000ba40)     _OS_AppTaskDelHookPtr
0000ba52     2e9 (0000ba40)     _OS_AppTaskReturnHookPtr
0000ba54     2e9 (0000ba40)     _OS_AppIdleTaskHookPtr
0000ba56     2e9 (0000ba40)     _OS_AppStatTaskHookPtr
0000ba58     2e9 (0000ba40)     _OS_AppTaskSwHookPtr
0000ba5a     2e9 (0000ba40)     _OS_AppTimeTickHookPtr
0000ba5c     2e9 (0000ba40)     _OSISRStkFree
0000ba5e     2e9 (0000ba40)     _OSISRStkUsed
0000ba60     2e9 (0000ba40)     _OSSchedRoundRobinDfltTimeQuanta
0000ba62     2e9 (0000ba40)     _OSStatTaskCtr
0000ba64     2e9 (0000ba40)     _OSStatTaskCtrMax
0000ba66     2e9 (0000ba40)     _OSStatTaskCtrRun
0000ba68     2e9 (0000ba40)     _OSTaskCtxSwCtr
0000ba6a     2e9 (0000ba40)     _OSTickCtr
0000ba6c     2e9 (0000ba40)     _OSTickList
0000ba6e     2e9 (0000ba40)     _OSTmrListPtr
0000ba70     2e9 (0000ba40)     _OSTmrTaskTickBase
0000ba72     2e9 (0000ba40)     _OSTmrToTicksMult
0000ba74     2e9 (0000ba40)     _OSTCBCurPtr
0000ba76     2e9 (0000ba40)     _OSTCBHighRdyPtr
0000ba78     2e9 (0000ba40)     _OSMsgPool

0000ba80     2ea (0000ba80)     _OSTmrCond
0000ba88     2ea (0000ba80)     _OSTmrMutex

0000bac0     2eb (0000bac0)     _OSIdleTaskTCB

0000bb40     2ed (0000bb40)     _OSStatTaskTCB

0000bbc0     2ef (0000bbc0)     _OSTmrTaskTCB

0000bc16     2f0 (0000bc00)     _flag
0000bc17     2f0 (0000bc00)     _taskCtrlCnts
0000bc18     2f0 (0000bc00)     _taskProtCnts
0000bc19     2f0 (0000bc00)     _taskComCnts
0000bc1a     2f0 (0000bc00)     _taskTickCnts
0000bc1e     2f0 (0000bc00)     _OSEventCtrl
0000bc26     2f0 (0000bc00)     _OSEventProt
0000bc2e     2f0 (0000bc00)     _OSEventCom
0000bc36     2f0 (0000bc00)     _ADC

0000bc80     2f2 (0000bc80)     _nr_shell

0000bdaa     2f6 (0000bd80)     _ECAP
0000bdb8     2f6 (0000bd80)     _SPI

0000bdc0     2f7 (0000bdc0)     _OSRdyList

0000bec0     2fb (0000bec0)     _OSCfg_MsgPool

0000bf80     2fe (0000bf80)     ___TI_tmpnams

0000c020     300 (0000c000)     _TRIP_SEL
0000c03e     300 (0000c000)     __lock

0000c040     301 (0000c040)     _sg_ParamTable

0000c0d0     303 (0000c0c0)     _EPWM
0000c0f4     303 (0000c0c0)     _g_szString
0000c0fe     303 (0000c0c0)     __unlock

0000c100     304 (0000c100)     _OSCfg_ISRStk

0000c180     306 (0000c180)     _OSCfg_TmrTaskStk

0000c200     308 (0000c200)     _nr_ansi

0000c27c     309 (0000c240)     _I2C

0000c280     30a (0000c280)     __ftable

0000c2f8     30b (0000c2c0)     _parmbuf

0000c300     30c (0000c300)     _OSCfg_StatTaskStk

0000c364     30d (0000c340)     _CpuTimer0
0000c36c     30d (0000c340)     _CpuTimer1
0000c374     30d (0000c340)     _CpuTimer2
0000c37c     30d (0000c340)     _MCBSP

0000c38e     30e (0000c380)     _sg_length
0000c38f     30e (0000c380)     _g_cTest

0000c3c0     30f (0000c3c0)     _g_tTestVal
0000c3e2     30f (0000c3c0)     _tempSensor_tempSlope
0000c3e4     30f (0000c3c0)     _tempSensor_tempOffset
0000c3e6     30f (0000c3c0)     _tempSensor_scaleFactor
0000c3e8     30f (0000c3c0)     _SDFM
0000c3ee     30f (0000c3c0)     _Example_Result
0000c3f0     30f (0000c3c0)     _Example_PassCount
0000c3f2     30f (0000c3c0)     _Example_Fail
0000c3f4     30f (0000c3c0)     _guwOs1msCnt
0000c3f5     30f (0000c3c0)     _adcAResult0
0000c3f6     30f (0000c3c0)     _adcAResult1
0000c3f7     30f (0000c3c0)     _adcAResult2
0000c3f8     30f (0000c3c0)     _sensorSample
0000c3f9     30f (0000c3c0)     _sensorTemp
0000c3fa     30f (0000c3c0)     ___TI_enable_exit_profile_output
0000c3fc     30f (0000c3c0)     ___TI_cleanup_ptr
0000c3fe     30f (0000c3c0)     ___TI_dtors_ptr

0000c400     310 (0000c400)     __device

0000c448     311 (0000c440)     _OSPrioTbl
0000c44c     311 (0000c440)     _SCI
0000c450     311 (0000c440)     _digits
0000c458     311 (0000c440)     _erase_ok
0000c459     311 (0000c440)     _flash_ok
0000c45a     311 (0000c440)     _Math_RandSeedCur
0000c45c     311 (0000c440)     _deviceOpen
0000c45d     311 (0000c440)     ___TI_ft_end
0000c45e     311 (0000c440)     _errno

0000c480     312 (0000c480)     _OSCfg_IdleTaskStk

0000c4c0     313 (0000c4c0)     __sys_memory

0003f800     fe0 (0003f800)     _g_asIPCCPU2toCPU1Buffers

0003f880     fe2 (0003f880)     _g_usGetWriteIndexes
0003f884     fe2 (0003f880)     _g_usPutReadIndexes

0003fc00     ff0 (0003fc00)     _g_asIPCCPU1toCPU2Buffers

0003fc80     ff2 (0003fc80)     _g_usPutWriteIndexes
0003fc84     ff2 (0003fc80)     _g_usGetReadIndexes

00047000    11c0 (00047000)     _Emif1Regs

00047800    11e0 (00047800)     _Emif2Regs

00048000    1200 (00048000)     _CanaRegs

0004a000    1280 (0004a000)     _CanbRegs

00050000    1400 (00050000)     _IpcRegs
00050024    1400 (00050000)     _FlashPumpSemaphoreRegs

0005d000    1740 (0005d000)     _DevCfgRegs

0005d180    1746 (0005d180)     _AnalogSubsysRegs

0005d200    1748 (0005d200)     _ClkCfgRegs

0005d300    174c (0005d300)     _CpuSysRegs

0005e608    1798 (0005e600)     _RomPrefetchRegs

0005f000    17c0 (0005f000)     _DcsmZ1Regs

0005f040    17c1 (0005f040)     _DcsmZ2Regs
0005f070    17c1 (0005f040)     _DcsmCommonRegs

0005f400    17d0 (0005f400)     _MemCfgRegs

0005f480    17d2 (0005f480)     _Emif1ConfigRegs
0005f4a0    17d2 (0005f480)     _Emif2ConfigRegs

0005f4c0    17d3 (0005f4c0)     _AccessProtectionRegs

0005f500    17d4 (0005f500)     _MemoryErrorRegs

0005f540    17d5 (0005f540)     _RomWaitStateRegs

0005f800    17e0 (0005f800)     _Flash0CtrlRegs

0005fb00    17ec (0005fb00)     _Flash0EccRegs

00090495    2412 (00090480)     _OSDbg_DbgEn

00090664    2419 (00090640)     _PieVectTableInit

00090824    2420 (00090800)     __ctypes_

00090a54    2429 (00090a40)     _OSCfg_MsgPoolSize
00090a55    2429 (00090a40)     _OSCfg_StatTaskPrio
00090a56    2429 (00090a40)     _OSCfg_TmrTaskPrio
00090a58    2429 (00090a40)     _OSCfg_IdleTaskStkBasePtr
00090a5a    2429 (00090a40)     _OSCfg_IdleTaskStkLimit
00090a5c    2429 (00090a40)     _OSCfg_IdleTaskStkSize
00090a5e    2429 (00090a40)     _OSCfg_IdleTaskStkSizeRAM
00090a60    2429 (00090a40)     _OSCfg_ISRStkBasePtr
00090a62    2429 (00090a40)     _OSCfg_ISRStkSize
00090a64    2429 (00090a40)     _OSCfg_ISRStkSizeRAM
00090a66    2429 (00090a40)     _OSCfg_MsgPoolSizeRAM
00090a68    2429 (00090a40)     _OSCfg_MsgPoolBasePtr
00090a6a    2429 (00090a40)     _OSCfg_StatTaskRate_Hz
00090a6c    2429 (00090a40)     _OSCfg_StatTaskStkBasePtr
00090a6e    2429 (00090a40)     _OSCfg_StatTaskStkLimit
00090a70    2429 (00090a40)     _OSCfg_StatTaskStkSize
00090a72    2429 (00090a40)     _OSCfg_StatTaskStkSizeRAM
00090a74    2429 (00090a40)     _OSCfg_StkSizeMin
00090a76    2429 (00090a40)     _OSCfg_TickRate_Hz
00090a78    2429 (00090a40)     _OSCfg_TmrTaskRate_Hz
00090a7a    2429 (00090a40)     _OSCfg_TmrTaskStkBasePtr
00090a7c    2429 (00090a40)     _OSCfg_TmrTaskStkLimit
00090a7e    2429 (00090a40)     _OSCfg_TmrTaskStkSize

00090a80    242a (00090a80)     _OSCfg_TmrTaskStkSizeRAM
00090a82    242a (00090a80)     _OSCfg_DataSizeRAM
00090a84    242a (00090a80)     _static_cmd

00090ad8    242b (00090ac0)     _nr_ansi_in_cmd_fun

00090b5e    242d (00090b40)     _nr_ansi_in_cmd

00090b8d    242e (00090b80)     _SEG_TABLE
00090b98    242e (00090b80)     _nr_ansi_in_special_symbol_fun
00090ba8    242e (00090b80)     _nr_ansi_in_special_symbol
00090bb0    242e (00090b80)     _CPU_EndiannessTest


GLOBAL SYMBOLS: SORTED ALPHABETICALLY BY Name 

page  address   name                                  
----  -------   ----                                  
abs   ffffffff  .text                                 
0     000883e9  C$$EXIT                               
0     00087937  C$$IO$$                               
abs   00000100  CLA_SCRATCHPAD_SIZE                   
0     000877b0  FD$$ADD                               
0     00088395  FD$$CMP                               
0     00087a9c  FD$$DIV                               
0     00087baf  FD$$MPY                               
0     000886e7  FD$$NEG                               
0     00083ff2  FD$$SUB                               
0     000884ce  FD$$TOI                               
0     0008854f  FD$$TOL                               
0     00087b27  FS$$DIV                               
0     000885c6  FS$$TOFD                              
0     000884ac  I$$DIV                                
0     000884bd  I$$MOD                                
0     0008858c  I$$TOFD                               
0     000883bf  L$$DIV                                
0     000883ce  L$$MOD                                
0     000885e2  L$$TOFD                               
0     00088630  LL$$AND                               
0     0008856e  LL$$CMP                               
0     00086e98  LL$$DIV                               
0     00086ed4  LL$$MOD                               
0     00088638  LL$$OR                                
0     00088640  LL$$XOR                               
0     000883dc  UL$$DIV                               
0     000883e3  UL$$MOD                               
0     00088580  ULL$$CMP                              
0     00086f0e  ULL$$DIV                              
0     00086f3d  ULL$$MOD                              
1     0000bc36  _ADC                                  
0     00084571  _ADCA1_ISR                            
0     00084567  _ADCA2_ISR                            
0     0008455d  _ADCA3_ISR                            
0     00084553  _ADCA4_ISR                            
0     00084549  _ADCA_EVT_ISR                         
0     0008453f  _ADCB1_ISR                            
0     00084535  _ADCB2_ISR                            
0     0008452b  _ADCB3_ISR                            
0     00084521  _ADCB4_ISR                            
0     00084517  _ADCB_EVT_ISR                         
0     0008450d  _ADCC1_ISR                            
0     00084503  _ADCC2_ISR                            
0     000844f9  _ADCC3_ISR                            
0     000844ef  _ADCC4_ISR                            
0     000844e5  _ADCC_EVT_ISR                         
0     000844db  _ADCD1_ISR                            
0     000844d1  _ADCD2_ISR                            
0     000844c7  _ADCD3_ISR                            
0     000844bd  _ADCD4_ISR                            
0     000844b3  _ADCD_EVT_ISR                         
0     000844a9  _AUX_PLL_SLIP_ISR                     
1     0005f4c0  _AccessProtectionRegs                 
0     000870d5  _AdcSetMode                           
1     00007400  _AdcaRegs                             
1     000000c8  _AdcaResultRegs                       
1     00007480  _AdcbRegs                             
1     000000e0  _AdcbResultRegs                       
1     00007500  _AdccRegs                             
1     00000100  _AdccResultRegs                       
[...]
0     00087eb3  ___TI_rd_ok                           
0     00087edf  ___TI_closefile                       
0     00087f23  _fclose                               
0     00087f3c  _HOSTlseek                            
0     00087f97  _frexpl                               
0     00087ff1  _memchr                               
0     00087ffe  __system_pre_init                     
0     00088000  _c_int00                              
0     00088056  _fputc                                
0     00088056  _putc                                 
0     000880a4  _putchar                              
0     000880a9  _finddevice                           
0     000880c4  _getdevice                            
0     000880fa  _BSPInit                              
0     0008813b  _HOSTrename                           
0     00088179  _fseek                                
0     000881b6  _HOSTopen                             
0     000881f2  _HOSTwrite                            
0     0008822b  _OS_PrioRemove                        
0     0008823d  _OS_PrioInsert                        
0     0008824e  _OS_PrioInit                          
0     00088253  _OS_PrioGetHighest                    
0     00088263  _HOSTread                             
0     000882a1  _printf                               
0     000882cf  _close                                
0     00088302  _sprintf                              
0     00088334  _atoi                                 
0     00088365  ___TI_ltoa                            
0     00088395  FD$$CMP                               
0     000883bf  L$$DIV                                
0     000883ce  L$$MOD                                
0     000883dc  UL$$DIV                               
0     000883e3  UL$$MOD                               
0     000883e9  C$$EXIT                               
0     000883e9  _abort                                
0     000883eb  _exit                                 
0     00088412  _HOSTclose                            
0     0008843b  _InitPieCtrl                          
0     0008845a  _EnableInterrupts                     
0     00088463  _copysignl                            
0     00088488  _HOSTunlink                           
0     000884ac  I$$DIV                                
0     000884bd  I$$MOD                                
0     000884ce  FD$$TOI                               
0     000884ef  _memmove                              
0     00088510  _Interrupt_nmiHandler                 
0     0008851a  _Interrupt_illegalOperationHandler    
0     00088524  _Interrupt_defaultHandler             
0     00088530  _CPU_IntDis                           
0     00088532  _CPU_IntEn                            
0     00088534  _CPU_SR_Save                          
0     00088539  _CPU_SR_Restore                       
0     00088541  _CPU_CntLeadZeros                     
0     0008854d  _CPU_RevBits                          
0     0008854f  FD$$TOL                               
0     0008856e  LL$$CMP                               
0     00088580  ULL$$CMP                              
0     0008858c  I$$TOFD                               
0     000885a9  _memcpy                               
0     000885c6  FS$$TOFD                              
0     000885e2  L$$TOFD                               
0     000885fe  _unlink                               
0     00088617  _write                                
0     00088630  LL$$AND                               
0     00088638  LL$$OR                                
0     00088640  LL$$XOR                               
0     00088648  _lseek                                
0     00088660  _strstr                               
0     00088676  _strncpy                              
0     0008868b  __args_main                           
0     0008869d  _InitPieVectTable                     
0     000886ae  _memccpy                              
0     000886be  _strchr                               
0     000886ca  _ISR_ILLEGAL                          
0     000886d4  _strcmp                               
0     000886de  __register_unlock                     
0     000886e2  __register_lock                       
0     000886e6  __nop                                 
0     000886e7  FD$$NEG                               
0     000886f0  _wcslen                               
0     00088701  _strlen                               
0     00088709  _memset                               
0     00088710  _strcpy                               
0     00088715  _SetDBGIER                            
0     00088718  _remove                               
0     0008871b  __system_post_cinit                   
0     0008871c  _InitSCI_BSP                          
0     00090495  _OSDbg_DbgEn                          
0     00090664  _PieVectTableInit                     
0     00090824  __ctypes_                             
0     00090a54  _OSCfg_MsgPoolSize                    
0     00090a55  _OSCfg_StatTaskPrio                   
0     00090a56  _OSCfg_TmrTaskPrio                    
0     00090a58  _OSCfg_IdleTaskStkBasePtr             
0     00090a5a  _OSCfg_IdleTaskStkLimit               
0     00090a5c  _OSCfg_IdleTaskStkSize                
0     00090a5e  _OSCfg_IdleTaskStkSizeRAM             
0     00090a60  _OSCfg_ISRStkBasePtr                  
0     00090a62  _OSCfg_ISRStkSize                     
0     00090a64  _OSCfg_ISRStkSizeRAM                  
0     00090a66  _OSCfg_MsgPoolSizeRAM                 
0     00090a68  _OSCfg_MsgPoolBasePtr                 
0     00090a6a  _OSCfg_StatTaskRate_Hz                
0     00090a6c  _OSCfg_StatTaskStkBasePtr             
0     00090a6e  _OSCfg_StatTaskStkLimit               
0     00090a70  _OSCfg_StatTaskStkSize                
0     00090a72  _OSCfg_StatTaskStkSizeRAM             
0     00090a74  _OSCfg_StkSizeMin                     
0     00090a76  _OSCfg_TickRate_Hz                    
0     00090a78  _OSCfg_TmrTaskRate_Hz                 
0     00090a7a  _OSCfg_TmrTaskStkBasePtr              
0     00090a7c  _OSCfg_TmrTaskStkLimit                
0     00090a7e  _OSCfg_TmrTaskStkSize                 
0     00090a80  _OSCfg_TmrTaskStkSizeRAM              
0     00090a82  _OSCfg_DataSizeRAM                    
0     00090a84  _static_cmd                           
0     00090ad8  _nr_ansi_in_cmd_fun                   
0     00090b5e  _nr_ansi_in_cmd                       
0     00090b8d  _SEG_TABLE                            
0     00090b98  _nr_ansi_in_special_symbol_fun        
0     00090ba8  _nr_ansi_in_special_symbol            
0     00090bb0  _CPU_EndiannessTest                   
1     00000002  _Clb1LogicCfgRegs                     
1     00000040  _IPC_CPU1_To_CPU2_PutBuffer           
1     000000c8  _AdcaResultRegs                       
1     000000e0  _AdcbResultRegs                       
1     00000100  _AdccResultRegs                       
1     00000400  __stack                               
1     00000600  __CIOBUF_                             
1     00000600  __STACK_END                           
1     00000720  _AdcdResultRegs                       
1     00000740  _IPC_CPU1_To_CPU2_GetBuffer           
1     00000c00  _CpuTimer0Regs                        
1     00000c08  _CpuTimer1Regs                        
1     00000c10  _CpuTimer2Regs                        
1     00000ce0  _PieCtrlRegs                          
1     00000d00  _PieVectTable                         
1     00000ec0  _Clb1LogicCtrlRegs                    
1     00001000  _DmaRegs                              
1     00001100  _Clb2LogicCtrlRegs                    
1     00001140  _Clb3LogicCtrlRegs                    
1     00001180  _Clb4LogicCtrlRegs                    
1     000011c0  _Clb2LogicCfgRegs                     
1     00001400  _Cla1Regs                             
1     00001480  _Clb3LogicCfgRegs                     
1     000014c0  _Clb4LogicCfgRegs                     
1     00004000  _EPwm1Regs                            
1     00004100  _EPwm2Regs                            
1     00004200  _EPwm3Regs                            
1     00004300  _EPwm4Regs                            
1     00004400  _EPwm5Regs                            
1     00004500  _EPwm6Regs                            
1     00004600  _EPwm7Regs                            
1     00004700  _EPwm8Regs                            
1     00004800  _EPwm9Regs                            
1     00004900  _EPwm10Regs                           
1     00004a00  _EPwm11Regs                           
1     00004b00  _EPwm12Regs                           
1     00005000  _ECap1Regs                            
1     00005020  _ECap2Regs                            
1     00005040  _ECap3Regs                            
1     00005060  _ECap4Regs                            
1     00005080  _ECap5Regs                            
1     000050a0  _ECap6Regs                            
1     00005100  _EQep1Regs                            
1     00005140  _EQep2Regs                            
1     00005180  _EQep3Regs                            
1     00005c00  _DacaRegs                             
1     00005c10  _DacbRegs                             
1     00005c20  _DaccRegs                             
1     00005c80  _Cmpss1Regs                           
1     00005ca0  _Cmpss2Regs                           
1     00005cc0  _Cmpss3Regs                           
1     00005ce0  _Cmpss4Regs                           
1     00005d00  _Cmpss5Regs                           
1     00005d20  _Cmpss6Regs                           
1     00005d40  _Cmpss7Regs                           
1     00005d60  _Cmpss8Regs                           
1     00005e00  _Sdfm1Regs                            
1     00005e80  _Sdfm2Regs                            
1     00006000  _McbspaRegs                           
1     00006040  _McbspbRegs                           
1     00006100  _SpiaRegs                             
1     00006110  _SpibRegs                             
1     00006120  _SpicRegs                             
1     00006200  _UppRegs                              
1     00007000  _WdRegs                               
1     00007060  _NmiIntruptRegs                       
1     00007070  _XintRegs                             
1     00007200  _SciaRegs                             
1     00007210  _ScibRegs                             
1     00007220  _ScicRegs                             
1     00007230  _ScidRegs                             
1     00007300  _I2caRegs                             
1     00007340  _I2cbRegs                             
1     00007400  _AdcaRegs                             
1     00007480  _AdcbRegs                             
1     00007500  _AdccRegs                             
1     00007580  _AdcdRegs                             
1     00007900  _InputXbarRegs                        
1     00007920  _XbarRegs                             
1     00007940  _SyncSocRegs                          
1     00007980  _DmaClaSrcSelRegs                     
1     00007a00  _EPwmXbarRegs                         
1     00007a40  _ClbXbarRegs                          
1     00007a80  _OutputXbarRegs                       
1     00007c00  _GpioCtrlRegs                         
1     00007f00  _GpioDataRegs                         
1     0000a640  _Clb1DataExchRegs                     
1     0000a800  _Clb2DataExchRegs                     
1     0000a940  _Clb3DataExchRegs                     
1     0000aa80  _Clb4DataExchRegs                     
1     0000b810  __stream                              
1     0000b838  _EQEP                                 
1     0000b840  _sg_buf                               
1     0000ba34  _Mem_SegHeadPtr                       
1     0000ba36  _Mem_SegHeap                          
1     0000ba40  _OSIntNestingCtr                      
1     0000ba41  _OSRunning                            
1     0000ba42  _OSInitialized                        
1     0000ba43  _OSPrioCur                            
1     0000ba44  _OSPrioHighRdy                        
1     0000ba45  _OSSchedLockNestingCtr                
1     0000ba46  _OSSchedRoundRobinEn                  
1     0000ba47  _OSStatResetFlag                      
1     0000ba48  _OSStatTaskCPUUsage                   
1     0000ba49  _OSStatTaskCPUUsageMax                
1     0000ba4a  _OSStatTaskRdy                        
1     0000ba4b  _OSTaskQty                            
1     0000ba4c  _OSTaskRegNextAvailID                 
1     0000ba4e  _OS_AppTaskCreateHookPtr              
1     0000ba50  _OS_AppTaskDelHookPtr                 
1     0000ba52  _OS_AppTaskReturnHookPtr              
1     0000ba54  _OS_AppIdleTaskHookPtr                
1     0000ba56  _OS_AppStatTaskHookPtr                
1     0000ba58  _OS_AppTaskSwHookPtr                  
1     0000ba5a  _OS_AppTimeTickHookPtr                
1     0000ba5c  _OSISRStkFree                         
1     0000ba5e  _OSISRStkUsed                         
1     0000ba60  _OSSchedRoundRobinDfltTimeQuanta      
1     0000ba62  _OSStatTaskCtr                        
1     0000ba64  _OSStatTaskCtrMax                     
1     0000ba66  _OSStatTaskCtrRun                     
1     0000ba68  _OSTaskCtxSwCtr                       
1     0000ba6a  _OSTickCtr                            
1     0000ba6c  _OSTickList                           
1     0000ba6e  _OSTmrListPtr                         
1     0000ba70  _OSTmrTaskTickBase                    
1     0000ba72  _OSTmrToTicksMult                     
1     0000ba74  _OSTCBCurPtr                          
1     0000ba76  _OSTCBHighRdyPtr                      
1     0000ba78  _OSMsgPool                            
1     0000ba80  _OSTmrCond                            
1     0000ba88  _OSTmrMutex                           
1     0000bac0  _OSIdleTaskTCB                        
1     0000bb40  _OSStatTaskTCB                        
1     0000bbc0  _OSTmrTaskTCB                         
1     0000bc16  _flag                                 
1     0000bc17  _taskCtrlCnts                         
1     0000bc18  _taskProtCnts                         
1     0000bc19  _taskComCnts                          
1     0000bc1a  _taskTickCnts                         
1     0000bc1e  _OSEventCtrl                          
1     0000bc26  _OSEventProt                          
1     0000bc2e  _OSEventCom                           
1     0000bc36  _ADC                                  
1     0000bc80  _nr_shell                             
1     0000bdaa  _ECAP                                 
1     0000bdb8  _SPI                                  
1     0000bdc0  _OSRdyList                            
1     0000bec0  _OSCfg_MsgPool                        
1     0000bf80  ___TI_tmpnams                         
1     0000c020  _TRIP_SEL                             
1     0000c03e  __lock                                
1     0000c040  _sg_ParamTable                        
1     0000c0d0  _EPWM                                 
1     0000c0f4  _g_szString                           
1     0000c0fe  __unlock                              
1     0000c100  _OSCfg_ISRStk                         
1     0000c180  _OSCfg_TmrTaskStk                     
1     0000c200  _nr_ansi                              
1     0000c27c  _I2C                                  
1     0000c280  __ftable                              
1     0000c2f8  _parmbuf                              
1     0000c300  _OSCfg_StatTaskStk                    
1     0000c364  _CpuTimer0                            
1     0000c36c  _CpuTimer1                            
1     0000c374  _CpuTimer2                            
1     0000c37c  _MCBSP                                
1     0000c38e  _sg_length                            
1     0000c38f  _g_cTest                              
1     0000c3c0  _g_tTestVal                           
1     0000c3e2  _tempSensor_tempSlope                 
1     0000c3e4  _tempSensor_tempOffset                
1     0000c3e6  _tempSensor_scaleFactor               
1     0000c3e8  _SDFM                                 
1     0000c3ee  _Example_Result                       
1     0000c3f0  _Example_PassCount                    
1     0000c3f2  _Example_Fail                         
1     0000c3f4  _guwOs1msCnt                          
1     0000c3f5  _adcAResult0                          
1     0000c3f6  _adcAResult1                          
1     0000c3f7  _adcAResult2                          
1     0000c3f8  _sensorSample                         
1     0000c3f9  _sensorTemp                           
1     0000c3fa  ___TI_enable_exit_profile_output      
1     0000c3fc  ___TI_cleanup_ptr                     
1     0000c3fe  ___TI_dtors_ptr                       
1     0000c400  __device                              
1     0000c448  _OSPrioTbl                            
1     0000c44c  _SCI                                  
1     0000c450  _digits                               
1     0000c458  _erase_ok                             
1     0000c459  _flash_ok                             
1     0000c45a  _Math_RandSeedCur                     
1     0000c45c  _deviceOpen                           
1     0000c45d  ___TI_ft_end                          
1     0000c45e  _errno                                
1     0000c480  _OSCfg_IdleTaskStk                    
1     0000c4c0  __sys_memory                          
1     0003fc00  _g_asIPCCPU1toCPU2Buffers             
1     0003fc80  _g_usPutWriteIndexes                  
1     0003fc84  _g_usGetReadIndexes                   
1     00047000  _Emif1Regs                            
1     00047800  _Emif2Regs                            
1     00048000  _CanaRegs                             
1     0004a000  _CanbRegs                             
1     00050000  _IpcRegs                              
1     00050024  _FlashPumpSemaphoreRegs               
1     0005d000  _DevCfgRegs                           
1     0005d180  _AnalogSubsysRegs                     
1     0005d200  _ClkCfgRegs                           
1     0005d300  _CpuSysRegs                           
1     0005e608  _RomPrefetchRegs                      
1     0005f000  _DcsmZ1Regs                           
1     0005f040  _DcsmZ2Regs                           
1     0005f070  _DcsmCommonRegs                       
1     0005f400  _MemCfgRegs                           
1     0005f480  _Emif1ConfigRegs                      
1     0005f4a0  _Emif2ConfigRegs                      
1     0005f4c0  _AccessProtectionRegs                 
1     0005f500  _MemoryErrorRegs                      
1     0005f540  _RomWaitStateRegs                     
1     0005f800  _Flash0CtrlRegs                       
1     0005fb00  _Flash0EccRegs                        
abs   00000000  _Cla1funcsLoadSize                    
abs   00000050  _RamfuncsLoadSize                     
abs   00000050  _RamfuncsRunSize                      
abs   00000100  CLA_SCRATCHPAD_SIZE                   
abs   00000200  __STACK_SIZE                          
abs   00000400  __SYSMEM_SIZE                         
abs   ffffffff  .text                                 
abs   ffffffff  ___TI_pprof_out_hndl                  
abs   ffffffff  ___TI_prof_data_size                  
abs   ffffffff  ___TI_prof_data_start                 
abs   ffffffff  ___binit__                            
abs   ffffffff  ___c_args__                           
abs   ffffffff  ___etext__                            
abs   ffffffff  ___pinit__                            
abs   ffffffff  ___text__                             
abs   ffffffff  binit                                 
abs   ffffffff  etext                                 
abs   ffffffff  pinit                                 

[787 symbols]
